// Jest Snapshot v1, https://goo.gl/fbAQLP

exports[` 测试商品集显示插件  CollectionOverview Snapshot 1`] = `ShallowWrapper {}`;
