// Jest Snapshot v1, https://goo.gl/fbAQLP

exports[` 测试主页目录显示  DirectoryMenu Snapshot 1`] = `ShallowWrapper {}`;
