// Jest Snapshot v1, https://goo.gl/fbAQLP

exports[` 测试主页目录显示  FormInput Snapshot 1`] = `undefined`;

exports[` 测试主页目录显示  FormInputSnapshot 1`] = `ShallowWrapper {}`;

exports[` 测试表单  FormInputSnapshot 1`] = `ShallowWrapper {}`;
