// Jest Snapshot v1, https://goo.gl/fbAQLP

exports[` 测试主页目录显示  Header Snapshot 1`] = `ShallowWrapper {}`;

exports[` 测试主页目录显示  HeaderSnapshot 1`] = `undefined`;

exports[` 测试导航栏  Header Snapshot 1`] = `ShallowWrapper {}`;
