// Jest Snapshot v1, https://goo.gl/fbAQLP

exports[`购物车下拉菜单  Cart dropdown snapshot  1`] = `ShallowWrapper {}`;

exports[`购物车下拉菜单  快照备份  1`] = `ShallowWrapper {}`;

exports[`购物车下拉菜单  测试  1`] = `ShallowWrapper {}`;
