// Jest Snapshot v1, https://goo.gl/fbAQLP

exports[`购物车单个产品显示测试  CartItem Snapshot  1`] = `ShallowWrapper {}`;
